interactions:
- request:
    body: !!python/unicode '{"TableName": "table898d16dd"}'
    headers:
      Accept: [application/json;odata=minimalmetadata]
      Connection: [keep-alive]
      Content-Length: ['30']
      Content-Type: [application/json]
      DataServiceVersion: [3.0;NetFx]
      MaxDataServiceVersion: ['3.0']
      Prefer: [return-no-content]
      User-Agent: [Azure-Storage/0.36.0 (Python CPython 2.7.10; Darwin 16.7.0)]
      x-ms-client-request-id: [ed147f66-a294-11e7-9cf2-b8e8564491f6]
      x-ms-date: ['Tue, 26 Sep 2017 08:30:17 GMT']
      x-ms-version: ['2017-04-17']
    method: POST
    uri: https://storagename.table.core.windows.net/Tables
  response:
    body: {string: !!python/unicode ''}
    headers:
      cache-control: [no-cache]
      content-length: ['0']
      dataserviceid: ['https://storagename.table.core.windows.net/Tables(''table898d16dd'')']
      date: ['Tue, 26 Sep 2017 08:30:16 GMT']
      location: ['https://storagename.table.core.windows.net/Tables(''table898d16dd'')']
      preference-applied: [return-no-content]
      server: [Windows-Azure-Table/1.0 Microsoft-HTTPAPI/2.0]
      x-content-type-options: [nosniff]
      x-ms-request-id: [98eb2554-0002-0026-4fa1-36da23000000]
      x-ms-version: ['2017-04-17']
    status: {code: 204, message: No Content}
- request:
    body: !!python/unicode '{"TableName": "table898d16dd"}'
    headers:
      Accept: [application/json;odata=minimalmetadata]
      Connection: [keep-alive]
      Content-Length: ['30']
      Content-Type: [application/json]
      DataServiceVersion: [3.0;NetFx]
      MaxDataServiceVersion: ['3.0']
      Prefer: [return-no-content]
      User-Agent: [Azure-Storage/0.36.0 (Python CPython 2.7.10; Darwin 16.7.0)]
      x-ms-client-request-id: [ed5715f8-a294-11e7-9c0f-b8e8564491f6]
      x-ms-date: ['Tue, 26 Sep 2017 08:30:17 GMT']
      x-ms-version: ['2017-04-17']
    method: POST
    uri: https://storagename.table.core.windows.net/Tables
  response:
    body: {string: !!python/unicode '{"odata.error":{"code":"TableAlreadyExists","message":{"lang":"en-US","value":"The
        table specified already exists.\nRequestId:98eb255c-0002-0026-55a1-36da23000000\nTime:2017-09-26T08:30:17.3956232Z"}}}'}
    headers:
      cache-control: [no-cache]
      content-type: [application/json;odata=minimalmetadata;streaming=true;charset=utf-8]
      date: ['Tue, 26 Sep 2017 08:30:16 GMT']
      preference-applied: [return-no-content]
      server: [Windows-Azure-Table/1.0 Microsoft-HTTPAPI/2.0]
      transfer-encoding: [chunked]
      x-content-type-options: [nosniff]
      x-ms-request-id: [98eb255c-0002-0026-55a1-36da23000000]
      x-ms-version: ['2017-04-17']
    status: {code: 409, message: Conflict}
- request:
    body: null
    headers:
      Accept: [application/json;odata=nometadata]
      Connection: [keep-alive]
      DataServiceVersion: [3.0;NetFx]
      MaxDataServiceVersion: ['3.0']
      User-Agent: [Azure-Storage/0.36.0 (Python CPython 2.7.10; Darwin 16.7.0)]
      x-ms-client-request-id: [ed67572e-a294-11e7-ad5f-b8e8564491f6]
      x-ms-date: ['Tue, 26 Sep 2017 08:30:17 GMT']
      x-ms-version: ['2017-04-17']
    method: GET
    uri: https://storagename.table.core.windows.net/Tables('table898d16dd')
  response:
    body: {string: !!python/unicode '{"TableName":"table898d16dd"}'}
    headers:
      cache-control: [no-cache]
      content-type: [application/json;odata=nometadata;streaming=true;charset=utf-8]
      date: ['Tue, 26 Sep 2017 08:30:17 GMT']
      server: [Windows-Azure-Table/1.0 Microsoft-HTTPAPI/2.0]
      transfer-encoding: [chunked]
      x-content-type-options: [nosniff]
      x-ms-request-id: [98eb2561-0002-0026-5aa1-36da23000000]
      x-ms-version: ['2017-04-17']
    status: {code: 200, message: OK}
version: 1
