interactions:
- request:
    body: null
    headers:
      Accept: [application/json;odata=nometadata]
      Connection: [keep-alive]
      DataServiceVersion: [3.0;NetFx]
      MaxDataServiceVersion: ['3.0']
      User-Agent: [Azure-CosmosDB/0.37.0 (Python CPython 3.6.0; Windows 10)]
      x-ms-client-request-id: [68f29f5c-a86c-11e7-9232-a08cfdf04b77]
      x-ms-date: ['Tue, 03 Oct 2017 18:55:22 GMT']
      x-ms-version: ['2017-04-17']
    method: GET
    uri: https://storagename.table.core.windows.net/Tables('tabled7260d2c')
  response:
    body: {string: !!python/unicode '{"odata.error":{"code":"ResourceNotFound","message":{"lang":"en-US","value":"The
        specified resource does not exist.\nRequestId:809183d7-0002-003d-6079-3c165c000000\nTime:2017-10-03T18:55:23.3404154Z"}}}'}
    headers:
      Cache-Control: [no-cache]
      Content-Type: [application/json;odata=nometadata;streaming=true;charset=utf-8]
      Date: ['Tue, 03 Oct 2017 18:55:22 GMT']
      Server: [Windows-Azure-Table/1.0 Microsoft-HTTPAPI/2.0]
      Transfer-Encoding: [chunked]
      X-Content-Type-Options: [nosniff]
      x-ms-request-id: [809183d7-0002-003d-6079-3c165c000000]
      x-ms-version: ['2017-04-17']
    status: {code: 404, message: Not Found}
- request:
    body: null
    headers:
      Accept: [application/json;odata=nometadata]
      Connection: [keep-alive]
      DataServiceVersion: [3.0;NetFx]
      MaxDataServiceVersion: ['3.0']
      User-Agent: [Azure-CosmosDB/0.37.0 (Python CPython 3.6.0; Windows 10)]
      x-ms-client-request-id: [2f3548a8-a86d-11e7-a7fa-a08cfdf04b77]
      x-ms-date: ['Tue, 03 Oct 2017 19:00:55 GMT']
      x-ms-version: ['2017-04-17']
    method: GET
    uri: https://storagename.table.core.windows.net/Tables('tabled7260d2c')
  response:
    body: {string: !!python/unicode '{"odata.error":{"code":"ResourceNotFound","message":{"lang":"en-US","value":"The
        specified resource does not exist.\nRequestId:8b860008-0002-00db-3279-3c07ac000000\nTime:2017-10-03T19:00:55.6315710Z"}}}'}
    headers:
      Cache-Control: [no-cache]
      Content-Type: [application/json;odata=nometadata;streaming=true;charset=utf-8]
      Date: ['Tue, 03 Oct 2017 19:00:55 GMT']
      Server: [Windows-Azure-Table/1.0 Microsoft-HTTPAPI/2.0]
      Transfer-Encoding: [chunked]
      X-Content-Type-Options: [nosniff]
      x-ms-request-id: [8b860008-0002-00db-3279-3c07ac000000]
      x-ms-version: ['2017-04-17']
    status: {code: 404, message: Not Found}
- request:
    body: null
    headers:
      Accept: [application/json;odata=nometadata]
      Connection: [keep-alive]
      DataServiceVersion: [3.0;NetFx]
      MaxDataServiceVersion: ['3.0']
      User-Agent: [Azure-CosmosDB/0.37.0 (Python CPython 2.7.0; Windows post2008Server)]
      x-ms-client-request-id: [4de2084f-a86d-11e7-b3cf-a08cfdf04b77]
      x-ms-date: ['Tue, 03 Oct 2017 19:01:46 GMT']
      x-ms-version: ['2017-04-17']
    method: GET
    uri: https://storagename.table.core.windows.net/Tables('tabled7260d2c')
  response:
    body: {string: !!python/unicode '{"odata.error":{"code":"ResourceNotFound","message":{"lang":"en-US","value":"The
        specified resource does not exist.\nRequestId:fa90892d-0002-003c-637a-3c17a1000000\nTime:2017-10-03T19:01:47.4653673Z"}}}'}
    headers:
      cache-control: [no-cache]
      content-type: [application/json;odata=nometadata;streaming=true;charset=utf-8]
      date: ['Tue, 03 Oct 2017 19:01:46 GMT']
      server: [Windows-Azure-Table/1.0 Microsoft-HTTPAPI/2.0]
      transfer-encoding: [chunked]
      x-content-type-options: [nosniff]
      x-ms-request-id: [fa90892d-0002-003c-637a-3c17a1000000]
      x-ms-version: ['2017-04-17']
    status: {code: 404, message: Not Found}
version: 1
