interactions:
- request:
    body: !!python/unicode '{"sex": "male", "birthday@odata.type": "Edm.DateTime",
      "evenratio": 3.0, "binary": "YmluYXJ5", "ratio": 3.1, "large@odata.type": "Edm.Int64",
      "Birthday@odata.type": "Edm.DateTime", "Birthday": "1973-10-04T00:00:00Z", "clsid":
      "c9da6455-213d-42c9-9a79-3e9149a57833", "RowKey": "rk63e810f7", "birthday":
      "1970-10-04T00:00:00Z", "binary@odata.type": "Edm.Binary", "optional": null,
      "age@odata.type": "Edm.Int64", "name": "John Doe", "clsid@odata.type": "Edm.Guid",
      "age": "39", "married": true, "large": "933311100", "PartitionKey": "pk63e810f7",
      "other": 20, "deceased": false}'
    headers:
      Accept: [application/json;odata=minimalmetadata]
      Connection: [keep-alive]
      Content-Length: ['575']
      Content-Type: [application/json]
      DataServiceVersion: [3.0;NetFx]
      MaxDataServiceVersion: ['3.0']
      Prefer: [return-no-content]
      User-Agent: [Azure-Storage/0.36.0 (Python CPython 2.7.10; Darwin 16.7.0)]
      x-ms-client-request-id: [1f1dfa99-a295-11e7-ae47-b8e8564491f6]
      x-ms-date: ['Tue, 26 Sep 2017 08:31:41 GMT']
      x-ms-version: ['2017-04-17']
    method: POST
    uri: https://storagename.table.core.windows.net/uttable63e810f7
  response:
    body: {string: !!python/unicode ''}
    headers:
      cache-control: [no-cache]
      content-length: ['0']
      dataserviceid: ['https://storagename.table.core.windows.net/uttable63e810f7(PartitionKey=''pk63e810f7'',RowKey=''rk63e810f7'')']
      date: ['Tue, 26 Sep 2017 08:31:41 GMT']
      etag: [W/"datetime'2017-09-26T08%3A31%3A41.3169755Z'"]
      location: ['https://storagename.table.core.windows.net/uttable63e810f7(PartitionKey=''pk63e810f7'',RowKey=''rk63e810f7'')']
      preference-applied: [return-no-content]
      server: [Windows-Azure-Table/1.0 Microsoft-HTTPAPI/2.0]
      x-content-type-options: [nosniff]
      x-ms-request-id: [9a901b95-0002-0030-3fa1-362cf4000000]
      x-ms-version: ['2017-04-17']
    status: {code: 204, message: No Content}
- request:
    body: !!python/unicode '{"sex": "RMifmU/w1AacFVq8I4OzRw==", "birthday@odata.type":
      "Edm.DateTime", "evenratio": 3.0, "binary": "YmluYXJ5", "ratio": 3.1, "large@odata.type":
      "Edm.Int64", "Birthday@odata.type": "Edm.DateTime", "Birthday": "1973-10-04T00:00:00Z",
      "clsid": "c9da6455-213d-42c9-9a79-3e9149a57833", "RowKey": "rk63e810f7", "_ClientEncryptionMetadata2@odata.type":
      "Edm.Binary", "birthday": "1970-10-04T00:00:00Z", "binary@odata.type": "Edm.Binary",
      "optional": null, "_ClientEncryptionMetadata1": "{\"WrappedContentKey\": {\"KeyId\":
      \"key1\", \"EncryptedKey\": \"cRq6Hl03AyVUK8fEnhr7wvVGyOdPbTnwF2AmZipjGfx1c8FWIekTUg==\",
      \"Algorithm\": \"A256KW\"}, \"EncryptionAgent\": {\"Protocol\": \"1.0\", \"EncryptionAlgorithm\":
      \"AES_CBC_256\"}, \"ContentEncryptionIV\": \"dREOb0uP+JTqqFOh6cXBQA==\", \"KeyWrappingMetadata\":
      {\"EncryptionLibrary\": \"Python 0.36.0\"}}", "_ClientEncryptionMetadata2":
      "6vmwQgI5vrP5ehQRd3wwVA==", "sex@odata.type": "Edm.Binary", "age@odata.type":
      "Edm.Int64", "name": "John Doe", "clsid@odata.type": "Edm.Guid", "married":
      true, "large": "933311100", "PartitionKey": "pk63e810f7", "other": 20, "age":
      "39", "deceased": false}'
    headers:
      Accept: [application/json;odata=minimalmetadata]
      Connection: [keep-alive]
      Content-Length: ['1139']
      Content-Type: [application/json]
      DataServiceVersion: [3.0;NetFx]
      If-Match: ['*']
      MaxDataServiceVersion: ['3.0']
      User-Agent: [Azure-Storage/0.36.0 (Python CPython 2.7.10; Darwin 16.7.0)]
      x-ms-client-request-id: [1f5ea000-a295-11e7-bac5-b8e8564491f6]
      x-ms-date: ['Tue, 26 Sep 2017 08:31:41 GMT']
      x-ms-version: ['2017-04-17']
    method: PUT
    uri: https://storagename.table.core.windows.net/uttable63e810f7(PartitionKey='pk63e810f7',RowKey='rk63e810f7')
  response:
    body: {string: !!python/unicode ''}
    headers:
      cache-control: [no-cache]
      content-length: ['0']
      date: ['Tue, 26 Sep 2017 08:31:41 GMT']
      etag: [W/"datetime'2017-09-26T08%3A31%3A41.3227973Z'"]
      server: [Windows-Azure-Table/1.0 Microsoft-HTTPAPI/2.0]
      x-content-type-options: [nosniff]
      x-ms-request-id: [9a901ba1-0002-0030-49a1-362cf4000000]
      x-ms-version: ['2017-04-17']
    status: {code: 204, message: No Content}
- request:
    body: null
    headers:
      Accept: [application/json;odata=minimalmetadata]
      Connection: [keep-alive]
      DataServiceVersion: [3.0;NetFx]
      MaxDataServiceVersion: ['3.0']
      User-Agent: [Azure-Storage/0.36.0 (Python CPython 2.7.10; Darwin 16.7.0)]
      x-ms-client-request-id: [1f6fec8f-a295-11e7-b802-b8e8564491f6]
      x-ms-date: ['Tue, 26 Sep 2017 08:31:41 GMT']
      x-ms-version: ['2017-04-17']
    method: GET
    uri: https://storagename.table.core.windows.net/uttable63e810f7(PartitionKey='pk63e810f7',RowKey='rk63e810f7')
  response:
    body: {string: !!python/unicode '{"odata.metadata":"https://storagename.table.core.windows.net/$metadata#uttable63e810f7/@Element","odata.etag":"W/\"datetime''2017-09-26T08%3A31%3A41.3227973Z''\"","PartitionKey":"pk63e810f7","RowKey":"rk63e810f7","Timestamp":"2017-09-26T08:31:41.3227973Z","Birthday@odata.type":"Edm.DateTime","Birthday":"1973-10-04T00:00:00Z","_ClientEncryptionMetadata1":"{\"WrappedContentKey\":
        {\"KeyId\": \"key1\", \"EncryptedKey\": \"cRq6Hl03AyVUK8fEnhr7wvVGyOdPbTnwF2AmZipjGfx1c8FWIekTUg==\",
        \"Algorithm\": \"A256KW\"}, \"EncryptionAgent\": {\"Protocol\": \"1.0\", \"EncryptionAlgorithm\":
        \"AES_CBC_256\"}, \"ContentEncryptionIV\": \"dREOb0uP+JTqqFOh6cXBQA==\", \"KeyWrappingMetadata\":
        {\"EncryptionLibrary\": \"Python 0.36.0\"}}","_ClientEncryptionMetadata2@odata.type":"Edm.Binary","_ClientEncryptionMetadata2":"6vmwQgI5vrP5ehQRd3wwVA==","age@odata.type":"Edm.Int64","age":"39","binary@odata.type":"Edm.Binary","binary":"YmluYXJ5","birthday@odata.type":"Edm.DateTime","birthday":"1970-10-04T00:00:00Z","clsid@odata.type":"Edm.Guid","clsid":"c9da6455-213d-42c9-9a79-3e9149a57833","deceased":false,"evenratio":3.0,"large@odata.type":"Edm.Int64","large":"933311100","married":true,"name":"John
        Doe","other":20,"ratio":3.1,"sex@odata.type":"Edm.Binary","sex":"RMifmU/w1AacFVq8I4OzRw=="}'}
    headers:
      cache-control: [no-cache]
      content-type: [application/json;odata=minimalmetadata;streaming=true;charset=utf-8]
      date: ['Tue, 26 Sep 2017 08:31:41 GMT']
      etag: [W/"datetime'2017-09-26T08%3A31%3A41.3227973Z'"]
      server: [Windows-Azure-Table/1.0 Microsoft-HTTPAPI/2.0]
      transfer-encoding: [chunked]
      x-content-type-options: [nosniff]
      x-ms-request-id: [9a901bab-0002-0030-53a1-362cf4000000]
      x-ms-version: ['2017-04-17']
    status: {code: 200, message: OK}
version: 1
