interactions:
- request:
    body: '{"PartitionKey": "pkcc7c1c5e", "RowKey": "rkcc7c1c5e", "age": "39", "age@odata.type":
      "Edm.Int64", "sex": "male", "married": true, "deceased": false, "optional":
      null, "evenratio": 3.0, "ratio": 3.1, "large": "933311100", "large@odata.type":
      "Edm.Int64", "Birthday": "1973-10-04T00:00:00Z", "Birthday@odata.type": "Edm.DateTime",
      "birthday": "1970-10-04T00:00:00Z", "birthday@odata.type": "Edm.DateTime", "binary":
      "YmluYXJ5", "binary@odata.type": "Edm.Binary", "other": 20, "clsid": "c9da6455-213d-42c9-9a79-3e9149a57833",
      "clsid@odata.type": "Edm.Guid"}'
    headers:
      Accept: [application/json;odata=minimalmetadata]
      Connection: [keep-alive]
      Content-Length: ['555']
      Content-Type: [application/json]
      DataServiceVersion: [3.0;NetFx]
      MaxDataServiceVersion: ['3.0']
      Prefer: [return-no-content]
      User-Agent: [Azure-Storage/0.37.1-None (Python CPython 3.6.0; Windows 10)]
      x-ms-client-request-id: [70399374-c5c1-11e7-8f2e-a08cfdf04b77]
      x-ms-date: ['Fri, 10 Nov 2017 02:47:06 GMT']
      x-ms-version: ['2017-04-17']
    method: POST
    uri: https://storagename.table.core.windows.net/uttablecc7c1c5e
  response:
    body: {string: ''}
    headers:
      Cache-Control: [no-cache]
      Content-Length: ['0']
      DataServiceId: ['https://storagename.table.core.windows.net/uttablecc7c1c5e(PartitionKey=''pkcc7c1c5e'',RowKey=''rkcc7c1c5e'')']
      Date: ['Fri, 10 Nov 2017 02:47:05 GMT']
      ETag: [W/"datetime'2017-11-10T02%3A47%3A05.9189311Z'"]
      Location: ['https://storagename.table.core.windows.net/uttablecc7c1c5e(PartitionKey=''pkcc7c1c5e'',RowKey=''rkcc7c1c5e'')']
      Preference-Applied: [return-no-content]
      Server: [Windows-Azure-Table/1.0 Microsoft-HTTPAPI/2.0]
      X-Content-Type-Options: [nosniff]
      x-ms-request-id: [eb91bb49-0002-001a-7ace-598c15000000]
      x-ms-version: ['2017-04-17']
    status: {code: 204, message: No Content}
- request:
    body: '{"PartitionKey": "pkcc7c1c5e", "RowKey": "rkcc7c1c5e", "age": "abc", "sex":
      "female", "sign": "aquarius", "birthday": "1991-10-04T00:00:00Z", "birthday@odata.type":
      "Edm.DateTime"}'
    headers:
      Accept: [application/json;odata=minimalmetadata]
      Connection: [keep-alive]
      Content-Length: ['180']
      Content-Type: [application/json]
      DataServiceVersion: [3.0;NetFx]
      MaxDataServiceVersion: ['3.0']
      User-Agent: [Azure-Storage/0.37.1-None (Python CPython 3.6.0; Windows 10)]
      x-ms-client-request-id: [7079190a-c5c1-11e7-b760-a08cfdf04b77]
      x-ms-date: ['Fri, 10 Nov 2017 02:47:06 GMT']
      x-ms-version: ['2017-04-17']
    method: PUT
    uri: https://storagename.table.core.windows.net/uttablecc7c1c5e(PartitionKey='pkcc7c1c5e',RowKey='rkcc7c1c5e')
  response:
    body: {string: ''}
    headers:
      Cache-Control: [no-cache]
      Content-Length: ['0']
      Date: ['Fri, 10 Nov 2017 02:47:05 GMT']
      ETag: [W/"datetime'2017-11-10T02%3A47%3A06.3378739Z'"]
      Server: [Windows-Azure-Table/1.0 Microsoft-HTTPAPI/2.0]
      X-Content-Type-Options: [nosniff]
      x-ms-request-id: [eb91bb77-0002-001a-25ce-598c15000000]
      x-ms-version: ['2017-04-17']
    status: {code: 204, message: No Content}
- request:
    body: null
    headers:
      Accept: [application/json;odata=minimalmetadata]
      Connection: [keep-alive]
      DataServiceVersion: [3.0;NetFx]
      MaxDataServiceVersion: ['3.0']
      User-Agent: [Azure-Storage/0.37.1-None (Python CPython 3.6.0; Windows 10)]
      x-ms-client-request-id: [7089487e-c5c1-11e7-bb29-a08cfdf04b77]
      x-ms-date: ['Fri, 10 Nov 2017 02:47:06 GMT']
      x-ms-version: ['2017-04-17']
    method: GET
    uri: https://storagename.table.core.windows.net/uttablecc7c1c5e(PartitionKey='pkcc7c1c5e',RowKey='rkcc7c1c5e')
  response:
    body: {string: '{"odata.metadata":"https://storagename.table.core.windows.net/$metadata#uttablecc7c1c5e/@Element","odata.etag":"W/\"datetime''2017-11-10T02%3A47%3A06.3378739Z''\"","PartitionKey":"pkcc7c1c5e","RowKey":"rkcc7c1c5e","Timestamp":"2017-11-10T02:47:06.3378739Z","age":"abc","birthday@odata.type":"Edm.DateTime","birthday":"1991-10-04T00:00:00Z","sex":"female","sign":"aquarius"}'}
    headers:
      Cache-Control: [no-cache]
      Content-Type: [application/json;odata=minimalmetadata;streaming=true;charset=utf-8]
      Date: ['Fri, 10 Nov 2017 02:47:05 GMT']
      ETag: [W/"datetime'2017-11-10T02%3A47%3A06.3378739Z'"]
      Server: [Windows-Azure-Table/1.0 Microsoft-HTTPAPI/2.0]
      Transfer-Encoding: [chunked]
      X-Content-Type-Options: [nosniff]
      x-ms-request-id: [eb91bb9f-0002-001a-4cce-598c15000000]
      x-ms-version: ['2017-04-17']
    status: {code: 200, message: OK}
version: 1
