interactions:
- request:
    body: !!python/unicode '{"TableName": "table6d7c1113"}'
    headers:
      Accept: [application/json;odata=minimalmetadata]
      Connection: [keep-alive]
      Content-Length: ['30']
      Content-Type: [application/json]
      DataServiceVersion: [3.0;NetFx]
      MaxDataServiceVersion: ['3.0']
      Prefer: [return-no-content]
      User-Agent: [Azure-CosmosDB/0.37.0 (Python CPython 3.6.0; Windows 10)]
      x-ms-client-request-id: [5e77f3a8-a86c-11e7-9a93-a08cfdf04b77]
      x-ms-date: ['Tue, 03 Oct 2017 18:55:05 GMT']
      x-ms-version: ['2017-04-17']
    method: POST
    uri: https://storagename.table.core.windows.net/Tables
  response:
    body: {string: !!python/unicode ''}
    headers:
      Cache-Control: [no-cache]
      Content-Length: ['0']
      DataServiceId: ['https://storagename.table.core.windows.net/Tables(''table6d7c1113'')']
      Date: ['Tue, 03 Oct 2017 18:55:05 GMT']
      Location: ['https://storagename.table.core.windows.net/Tables(''table6d7c1113'')']
      Preference-Applied: [return-no-content]
      Server: [Windows-Azure-Table/1.0 Microsoft-HTTPAPI/2.0]
      X-Content-Type-Options: [nosniff]
      x-ms-request-id: [c9602cf4-0002-010a-4379-3cfca6000000]
      x-ms-version: ['2017-04-17']
    status: {code: 204, message: No Content}
- request:
    body: null
    headers:
      Accept: [application/json;odata=nometadata]
      Connection: [keep-alive]
      DataServiceVersion: [3.0;NetFx]
      MaxDataServiceVersion: ['3.0']
      User-Agent: [Azure-CosmosDB/0.37.0 (Python CPython 3.6.0; Windows 10)]
      x-ms-client-request-id: [5eb25306-a86c-11e7-9184-a08cfdf04b77]
      x-ms-date: ['Tue, 03 Oct 2017 18:55:05 GMT']
      x-ms-version: ['2017-04-17']
    method: GET
    uri: https://storagename.table.core.windows.net/Tables('table6d7c1113')
  response:
    body: {string: !!python/unicode '{"TableName":"table6d7c1113"}'}
    headers:
      Cache-Control: [no-cache]
      Content-Type: [application/json;odata=nometadata;streaming=true;charset=utf-8]
      Date: ['Tue, 03 Oct 2017 18:55:05 GMT']
      Server: [Windows-Azure-Table/1.0 Microsoft-HTTPAPI/2.0]
      Transfer-Encoding: [chunked]
      X-Content-Type-Options: [nosniff]
      x-ms-request-id: [c9602d08-0002-010a-5579-3cfca6000000]
      x-ms-version: ['2017-04-17']
    status: {code: 200, message: OK}
- request:
    body: !!python/unicode '{"TableName": "table6d7c1113"}'
    headers:
      Accept: [application/json;odata=minimalmetadata]
      Connection: [keep-alive]
      Content-Length: ['30']
      Content-Type: [application/json]
      DataServiceVersion: [3.0;NetFx]
      MaxDataServiceVersion: ['3.0']
      Prefer: [return-no-content]
      User-Agent: [Azure-CosmosDB/0.37.0 (Python CPython 3.6.0; Windows 10)]
      x-ms-client-request-id: [243581c8-a86d-11e7-9e71-a08cfdf04b77]
      x-ms-date: ['Tue, 03 Oct 2017 19:00:37 GMT']
      x-ms-version: ['2017-04-17']
    method: POST
    uri: https://storagename.table.core.windows.net/Tables
  response:
    body: {string: !!python/unicode ''}
    headers:
      Cache-Control: [no-cache]
      Content-Length: ['0']
      DataServiceId: ['https://storagename.table.core.windows.net/Tables(''table6d7c1113'')']
      Date: ['Tue, 03 Oct 2017 19:00:37 GMT']
      Location: ['https://storagename.table.core.windows.net/Tables(''table6d7c1113'')']
      Preference-Applied: [return-no-content]
      Server: [Windows-Azure-Table/1.0 Microsoft-HTTPAPI/2.0]
      X-Content-Type-Options: [nosniff]
      x-ms-request-id: [c2b93a50-0002-002b-7079-3cd7c2000000]
      x-ms-version: ['2017-04-17']
    status: {code: 204, message: No Content}
- request:
    body: null
    headers:
      Accept: [application/json;odata=nometadata]
      Connection: [keep-alive]
      DataServiceVersion: [3.0;NetFx]
      MaxDataServiceVersion: ['3.0']
      User-Agent: [Azure-CosmosDB/0.37.0 (Python CPython 3.6.0; Windows 10)]
      x-ms-client-request-id: [246f52e6-a86d-11e7-8f95-a08cfdf04b77]
      x-ms-date: ['Tue, 03 Oct 2017 19:00:37 GMT']
      x-ms-version: ['2017-04-17']
    method: GET
    uri: https://storagename.table.core.windows.net/Tables('table6d7c1113')
  response:
    body: {string: !!python/unicode '{"TableName":"table6d7c1113"}'}
    headers:
      Cache-Control: [no-cache]
      Content-Type: [application/json;odata=nometadata;streaming=true;charset=utf-8]
      Date: ['Tue, 03 Oct 2017 19:00:37 GMT']
      Server: [Windows-Azure-Table/1.0 Microsoft-HTTPAPI/2.0]
      Transfer-Encoding: [chunked]
      X-Content-Type-Options: [nosniff]
      x-ms-request-id: [c2b93a65-0002-002b-0279-3cd7c2000000]
      x-ms-version: ['2017-04-17']
    status: {code: 200, message: OK}
- request:
    body: !!python/unicode '{"TableName": "table6d7c1113"}'
    headers:
      Accept: [application/json;odata=minimalmetadata]
      Connection: [keep-alive]
      Content-Length: ['30']
      Content-Type: [application/json]
      DataServiceVersion: [3.0;NetFx]
      MaxDataServiceVersion: ['3.0']
      Prefer: [return-no-content]
      User-Agent: [Azure-CosmosDB/0.37.0 (Python CPython 2.7.0; Windows post2008Server)]
      x-ms-client-request-id: [435e3ac0-a86d-11e7-902d-a08cfdf04b77]
      x-ms-date: ['Tue, 03 Oct 2017 19:01:29 GMT']
      x-ms-version: ['2017-04-17']
    method: POST
    uri: https://storagename.table.core.windows.net/Tables
  response:
    body: {string: !!python/unicode ''}
    headers:
      cache-control: [no-cache]
      content-length: ['0']
      dataserviceid: ['https://storagename.table.core.windows.net/Tables(''table6d7c1113'')']
      date: ['Tue, 03 Oct 2017 19:01:29 GMT']
      location: ['https://storagename.table.core.windows.net/Tables(''table6d7c1113'')']
      preference-applied: [return-no-content]
      server: [Windows-Azure-Table/1.0 Microsoft-HTTPAPI/2.0]
      x-content-type-options: [nosniff]
      x-ms-request-id: [93c998dc-0002-00ee-727a-3ca9f9000000]
      x-ms-version: ['2017-04-17']
    status: {code: 204, message: No Content}
- request:
    body: null
    headers:
      Accept: [application/json;odata=nometadata]
      Connection: [keep-alive]
      DataServiceVersion: [3.0;NetFx]
      MaxDataServiceVersion: ['3.0']
      User-Agent: [Azure-CosmosDB/0.37.0 (Python CPython 2.7.0; Windows post2008Server)]
      x-ms-client-request-id: [43985d8f-a86d-11e7-b2fe-a08cfdf04b77]
      x-ms-date: ['Tue, 03 Oct 2017 19:01:29 GMT']
      x-ms-version: ['2017-04-17']
    method: GET
    uri: https://storagename.table.core.windows.net/Tables('table6d7c1113')
  response:
    body: {string: !!python/unicode '{"TableName":"table6d7c1113"}'}
    headers:
      cache-control: [no-cache]
      content-type: [application/json;odata=nometadata;streaming=true;charset=utf-8]
      date: ['Tue, 03 Oct 2017 19:01:29 GMT']
      server: [Windows-Azure-Table/1.0 Microsoft-HTTPAPI/2.0]
      transfer-encoding: [chunked]
      x-content-type-options: [nosniff]
      x-ms-request-id: [93c998f1-0002-00ee-057a-3ca9f9000000]
      x-ms-version: ['2017-04-17']
    status: {code: 200, message: OK}
version: 1
