interactions:
- request:
    body: '{"PartitionKey": "pkac7612b8", "RowKey": "rkac7612b8", "Description": "\ua015"}'
    headers:
      Accept: [application/json;odata=minimalmetadata]
      Connection: [keep-alive]
      Content-Length: ['79']
      Content-Type: [application/json]
      DataServiceVersion: [3.0;NetFx]
      MaxDataServiceVersion: ['3.0']
      Prefer: [return-no-content]
      User-Agent: [Azure-Storage/0.37.1-None (Python CPython 3.6.0; Windows 10)]
      x-ms-client-request-id: [48850e24-c5b1-11e7-84ae-a08cfdf04b77]
      x-ms-date: ['Fri, 10 Nov 2017 00:51:27 GMT']
      x-ms-version: ['2017-04-17']
    method: POST
    uri: https://storagename.table.core.windows.net/uttableac7612b8
  response:
    body: {string: ''}
    headers:
      Cache-Control: [no-cache]
      Content-Length: ['0']
      DataServiceId: ['https://storagename.table.core.windows.net/uttableac7612b8(PartitionKey=''pkac7612b8'',RowKey=''rkac7612b8'')']
      Date: ['Fri, 10 Nov 2017 00:51:27 GMT']
      ETag: [W/"datetime'2017-11-10T00%3A51%3A27.5567468Z'"]
      Location: ['https://storagename.table.core.windows.net/uttableac7612b8(PartitionKey=''pkac7612b8'',RowKey=''rkac7612b8'')']
      Preference-Applied: [return-no-content]
      Server: [Windows-Azure-Table/1.0 Microsoft-HTTPAPI/2.0]
      X-Content-Type-Options: [nosniff]
      x-ms-request-id: [d7f50a1c-0002-00bb-68be-59428e000000]
      x-ms-version: ['2017-04-17']
    status: {code: 204, message: No Content}
- request:
    body: '{"PartitionKey": "pkac7612b8", "RowKey": "test2", "Description": "\ua015"}'
    headers:
      Accept: [application/json;odata=minimalmetadata]
      Connection: [keep-alive]
      Content-Length: ['74']
      Content-Type: [application/json]
      DataServiceVersion: [3.0;NetFx]
      MaxDataServiceVersion: ['3.0']
      Prefer: [return-no-content]
      User-Agent: [Azure-Storage/0.37.1-None (Python CPython 3.6.0; Windows 10)]
      x-ms-client-request-id: [48c29886-c5b1-11e7-8d78-a08cfdf04b77]
      x-ms-date: ['Fri, 10 Nov 2017 00:51:27 GMT']
      x-ms-version: ['2017-04-17']
    method: POST
    uri: https://storagename.table.core.windows.net/uttableac7612b8
  response:
    body: {string: ''}
    headers:
      Cache-Control: [no-cache]
      Content-Length: ['0']
      DataServiceId: ['https://storagename.table.core.windows.net/uttableac7612b8(PartitionKey=''pkac7612b8'',RowKey=''test2'')']
      Date: ['Fri, 10 Nov 2017 00:51:27 GMT']
      ETag: [W/"datetime'2017-11-10T00%3A51%3A27.6718573Z'"]
      Location: ['https://storagename.table.core.windows.net/uttableac7612b8(PartitionKey=''pkac7612b8'',RowKey=''test2'')']
      Preference-Applied: [return-no-content]
      Server: [Windows-Azure-Table/1.0 Microsoft-HTTPAPI/2.0]
      X-Content-Type-Options: [nosniff]
      x-ms-request-id: [d7f50a34-0002-00bb-7ebe-59428e000000]
      x-ms-version: ['2017-04-17']
    status: {code: 204, message: No Content}
- request:
    body: null
    headers:
      Accept: [application/json;odata=minimalmetadata]
      Connection: [keep-alive]
      DataServiceVersion: [3.0;NetFx]
      MaxDataServiceVersion: ['3.0']
      User-Agent: [Azure-Storage/0.37.1-None (Python CPython 3.6.0; Windows 10)]
      x-ms-client-request-id: [48d3d9a8-c5b1-11e7-83c3-a08cfdf04b77]
      x-ms-date: ['Fri, 10 Nov 2017 00:51:27 GMT']
      x-ms-version: ['2017-04-17']
    method: GET
    uri: https://storagename.table.core.windows.net/uttableac7612b8()?%24filter=PartitionKey+eq+%27pkac7612b8%27
  response:
    body: {string: '{"odata.metadata":"https://storagename.table.core.windows.net/$metadata#uttableac7612b8","value":[{"odata.etag":"W/\"datetime''2017-11-10T00%3A51%3A27.5567468Z''\"","PartitionKey":"pkac7612b8","RowKey":"rkac7612b8","Timestamp":"2017-11-10T00:51:27.5567468Z","Description":"\ua015"},{"odata.etag":"W/\"datetime''2017-11-10T00%3A51%3A27.6718573Z''\"","PartitionKey":"pkac7612b8","RowKey":"test2","Timestamp":"2017-11-10T00:51:27.6718573Z","Description":"\ua015"}]}'}
    headers:
      Cache-Control: [no-cache]
      Content-Type: [application/json;odata=minimalmetadata;streaming=true;charset=utf-8]
      Date: ['Fri, 10 Nov 2017 00:51:27 GMT']
      Server: [Windows-Azure-Table/1.0 Microsoft-HTTPAPI/2.0]
      Transfer-Encoding: [chunked]
      X-Content-Type-Options: [nosniff]
      x-ms-request-id: [d7f50a48-0002-00bb-12be-59428e000000]
      x-ms-version: ['2017-04-17']
    status: {code: 200, message: OK}
version: 1
