interactions:
- request:
    body: '{"TableName": "tableb9bd17bb"}'
    headers:
      Accept: [application/json;odata=minimalmetadata]
      Connection: [keep-alive]
      Content-Length: ['30']
      Content-Type: [application/json]
      DataServiceVersion: [3.0;NetFx]
      MaxDataServiceVersion: ['3.0']
      Prefer: [return-no-content]
      User-Agent: [Azure-Storage/0.37.1-None (Python CPython 3.6.0; Windows 10)]
      x-ms-client-request-id: [ae2ef6e6-c5b0-11e7-a098-a08cfdf04b77]
      x-ms-date: ['Fri, 10 Nov 2017 00:47:08 GMT']
      x-ms-version: ['2017-04-17']
    method: POST
    uri: https://storagename.table.core.windows.net/Tables
  response:
    body: {string: ''}
    headers:
      Cache-Control: [no-cache]
      Content-Length: ['0']
      DataServiceId: ['https://storagename.table.core.windows.net/Tables(''tableb9bd17bb'')']
      Date: ['Fri, 10 Nov 2017 00:47:07 GMT']
      Location: ['https://storagename.table.core.windows.net/Tables(''tableb9bd17bb'')']
      Preference-Applied: [return-no-content]
      Server: [Windows-Azure-Table/1.0 Microsoft-HTTPAPI/2.0]
      X-Content-Type-Options: [nosniff]
      x-ms-request-id: [2c73e985-0002-0071-0abd-59d143000000]
      x-ms-version: ['2017-04-17']
    status: {code: 204, message: No Content}
- request:
    body: '<?xml version=''1.0'' encoding=''utf-8''?>

      <SignedIdentifiers><SignedIdentifier><Id>empty</Id><AccessPolicy /></SignedIdentifier></SignedIdentifiers>'
    headers:
      Connection: [keep-alive]
      Content-Length: ['145']
      DataServiceVersion: [3.0;NetFx]
      MaxDataServiceVersion: ['3.0']
      User-Agent: [Azure-Storage/0.37.1-None (Python CPython 3.6.0; Windows 10)]
      x-ms-client-request-id: [ae6ad258-c5b0-11e7-8933-a08cfdf04b77]
      x-ms-date: ['Fri, 10 Nov 2017 00:47:08 GMT']
      x-ms-version: ['2017-04-17']
    method: PUT
    uri: https://storagename.table.core.windows.net/tableb9bd17bb?comp=acl
  response:
    body: {string: ''}
    headers:
      Content-Length: ['0']
      Date: ['Fri, 10 Nov 2017 00:47:07 GMT']
      Server: [Windows-Azure-Table/1.0 Microsoft-HTTPAPI/2.0]
      x-ms-request-id: [2c73e992-0002-0071-15bd-59d143000000]
      x-ms-version: ['2017-04-17']
    status: {code: 204, message: No Content}
- request:
    body: null
    headers:
      Connection: [keep-alive]
      DataServiceVersion: [3.0;NetFx]
      MaxDataServiceVersion: ['3.0']
      User-Agent: [Azure-Storage/0.37.1-None (Python CPython 3.6.0; Windows 10)]
      x-ms-client-request-id: [ae7a174c-c5b0-11e7-bad8-a08cfdf04b77]
      x-ms-date: ['Fri, 10 Nov 2017 00:47:09 GMT']
      x-ms-version: ['2017-04-17']
    method: GET
    uri: https://storagename.table.core.windows.net/tableb9bd17bb?comp=acl
  response:
    body: {string: "\uFEFF<?xml version=\"1.0\" encoding=\"utf-8\"?><SignedIdentifiers><SignedIdentifier><Id>empty</Id></SignedIdentifier></SignedIdentifiers>"}
    headers:
      Content-Type: [application/xml]
      Date: ['Fri, 10 Nov 2017 00:47:07 GMT']
      Server: [Windows-Azure-Table/1.0 Microsoft-HTTPAPI/2.0]
      Transfer-Encoding: [chunked]
      x-ms-request-id: [2c73e99e-0002-0071-21bd-59d143000000]
      x-ms-version: ['2017-04-17']
    status: {code: 200, message: OK}
version: 1
